Command: ceedling --project integration.yml clobber test:all
🚧 Loaded project configuration from command line argument.
 > Using: /testing/integration.yml
 > Working directory: /testing

Ceedling set up completed in 519 milliseconds

Clobbering all generated files...
(For large projects, this task may take a long time to complete)


👟 Preparing Build Paths...

👟 Collecting Test Context
--------------------------
Parsing test_multihop.c for build directive macros, #includes, and test case names...

👟 Ingesting Test Configurations
--------------------------------
Collecting search paths, flags, and defines test_multihop.c...

👟 Determining Files to be Generated...

👟 Test Runners
---------------
Generating runner for test_multihop.c...

👟 Determining Artifacts to Be Built...

👟 Building Objects
-------------------
Compiling test_multihop.c...
Compiling test_multihop::network_layer.c...
Compiling test_multihop::mesh_frame.c...
Compiling test_multihop::test_multihop_runner.c...
Compiling test_multihop::unity.c...

👟 Building Test Executables
----------------------------
Linking test_multihop.out...

👟 Executing
------------
Running test_multihop.out...
test_multihop.c:35:test_IS01_sensor_bridge_concentrator_preserves_message_over_wire_format:PASS

-----------------------
1 Tests 0 Failures 0 Ignored 
OK

Ceedling operations completed in 6.54 seconds
