Command: ceedling clobber test:all
🚧 Loaded project configuration from working directory.
 > Using: /testing/project.yml
 > Working directory: /testing

Ceedling set up completed in 459 milliseconds

Clobbering all generated files...
(For large projects, this task may take a long time to complete)


👟 Preparing Build Paths...

👟 Collecting Test Context
--------------------------
Parsing test_network_layer.c for build directive macros, #includes, and test case names...

👟 Ingesting Test Configurations
--------------------------------
Collecting search paths, flags, and defines test_network_layer.c...

👟 Determining Files to be Generated...

👟 Test Runners
---------------
Generating runner for test_network_layer.c...

👟 Determining Artifacts to Be Built...

👟 Building Objects
-------------------
Compiling test_network_layer.c...
Compiling test_network_layer::network_layer.c...
Compiling test_network_layer::test_network_layer_runner.c...
Compiling test_network_layer::unity.c...

👟 Building Test Executables
----------------------------
Linking test_network_layer.out...

👟 Executing
------------
Running test_network_layer.out...
test_network_layer.c:56:test_CP01_null_context_preserves_frame:PASS
test_network_layer.c:63:test_CP02_uninitialized_context_preserves_frame_and_counters:PASS
test_network_layer.c:72:test_CP03_null_frame_preserves_counters:PASS
test_network_layer.c:78:test_CP04_wrong_next_hop_is_rejected_without_mutation:PASS
test_network_layer.c:88:test_CP05_local_delivery_precedes_zero_ttl_and_route_lookup:PASS
test_network_layer.c:98:test_CP06_expired_ttl_is_rejected_even_with_route:PASS
test_network_layer.c:109:test_CP07_missing_route_is_rejected_without_mutation:PASS
test_network_layer.c:132:test_CP08_forward_updates_headers_and_preserves_identity_and_payload:PASS
test_network_layer.c:137:test_CP09_ttl_one_allows_last_forward:PASS

-----------------------
9 Tests 0 Failures 0 Ignored 
OK

Ceedling operations completed in 5.75 seconds
