Command: bash -lc ceedling\ version\;\ ruby\ --version\;\ gcc\ --version\;\ gcov\ --version\;\ gcovr\ --version\;\ python3\ --version
🌱 Welcome to Ceedling!

  Ceedling => 1.0.0
  ----------------------
  /var/lib/gems/3.1.0/gems/ceedling-1.0.0/
  
  Build Frameworks
  ----------------------
       CMock => 2.6.0
       Unity => 2.6.1
  CException => 1.3.4
ruby 3.1.2p20 (2022-04-12 revision 4491bb740a) [x86_64-linux-gnu]
gcc (Debian 12.2.0-14) 12.2.0
Copyright (C) 2022 Free Software Foundation, Inc.
This is free software; see the source for copying conditions.  There is NO
warranty; not even for MERCHANTABILITY or FITNESS FOR A PARTICULAR PURPOSE.

gcov (Debian 12.2.0-14) 12.2.0
Copyright (C) 2022 Free Software Foundation, Inc.
This is free software; see the source for copying conditions.  There is NO
warranty; not even for MERCHANTABILITY or FITNESS FOR A PARTICULAR PURPOSE.

gcovr 5.2

Copyright (c) 2013-2022 the gcovr authors
Copyright (c) 2013 Sandia Corporation.
Under the terms of Contract DE-AC04-94AL85000 with Sandia Corporation,
the U.S. Government retains certain rights in this software.
Python 3.11.2
